// Jest Snapshot v1, https://goo.gl/fbAQLP

exports[`Header Components should take a snapshot 1`] = `[Function]`;
