// Jest Snapshot v1, https://goo.gl/fbAQLP

exports[`Footer Element should take a snapshot 1`] = `[Function]`;
