// Jest Snapshot v1, https://goo.gl/fbAQLP

exports[`Footer Components should take a snapshot 1`] = `[Function]`;
