// Jest Snapshot v1, https://goo.gl/fbAQLP

exports[`Header Element should take a snapshot 1`] = `[Function]`;
