// Jest Snapshot v1, https://goo.gl/fbAQLP

exports[`Section Element should take a snapshot 1`] = `[Function]`;
